node:events:487
      throw er; // Unhandled 'error' event
      ^

Error: listen EPERM: operation not permitted 0.0.0.0:3001
    at Server.setupListenHandle [as _listen2] (node:net:1986:21)
    at listenInCluster (node:net:2065:12)
    at Server.listen (node:net:2170:7)
    at file:///Users/mac/gsprompthero/app.js:143:8
    at ModuleJob.run (node:internal/modules/esm/module_job:437:25)
    at async node:internal/modules/esm/loader:639:26
    at async asyncRunEntryPointWithESMLoader (node:internal/modules/run_main:101:5)
Emitted 'error' event on Server instance at:
    at emitErrorNT (node:net:2044:8)
    at process.processTicksAndRejections (node:internal/process/task_queues:90:21) {
  code: 'EPERM',
  errno: -1,
  syscall: 'listen',
  address: '0.0.0.0',
  port: 3001
}

Node.js v24.15.0
